bits : 1 10000000 01000000000000000000000
float: -2.5000000000
