bits : 0 01111100 10000000000000000000000
float: 0.1875000000
