bits : 0 10001111 11111000000000000000000
float: 129024.0000000000
