bits : 0 10000000 00000000000000000000000
float: 2.0000000000
