bits : 0 10000100 01010000000000000000000
float: 42.0000000000
