bits : 0 10000000 10000000000000000000000
float: 3.0000000000
