Loaded: /home/cs1521/lib/spim/exceptions.s
s1 = T
s1 = T
s2 = TXX
nv = 0
